Γû▓ Next.js 16.2.3 (Turbopack)

  Creating an optimized production build ...
Γ£ô Compiled successfully in 2.3s
  Running TypeScript ...
  Finished TypeScript in 2.4s ...
  Collecting page data using 11 workers ...
  Generating static pages using 11 workers (0/10) ...
node.exe : Error occurred 
prerendering page 
"/_not-found". Read more: 
https://nextjs.org/docs/me
ssages/prerender-error
At line:1 char:1
+ & "C:\Program 
Files\nodejs/node.exe" 
"C:\Program 
Files\nodejs/node_mo ...
+ ~~~~~~~~~~~~~~~~~~~~~~~~
~~~~~~~~~~~~~~~~~~~~~~~~~~
~~~~~~~~~~~~~~~~~~~
    + CategoryInfo        
      : NotSpecified: (E  
  rror occurred ...prer   
 ender-error:String) [    
], RemoteException
    + FullyQualifiedError 
   Id : NativeCommandErr  
  or
 
Error [FirebaseError]: 
Firebase: Error 
(auth/invalid-api-key).
    at bs (C:\Users\Asus\D
esktop\game project\gamepo
ol\.next\server\chunks\ssr
\[root-of-the-server]__01r
.h3d._.js:3:322509)
    at bt (C:\Users\Asus\D
esktop\game project\gamepo
ol\.next\server\chunks\ssr
\[root-of-the-server]__01r
.h3d._.js:3:322558)
    at ab.instanceFactory 
(C:\Users\Asus\Desktop\gam
e project\gamepool\.next\s
erver\chunks\ssr\[root-of-
the-server]__01r.h3d._.js:
3:373636)
    at 
ad.getOrInitializeService 
(C:\Users\Asus\Desktop\gam
e project\gamepool\.next\s
erver\chunks\ssr\[root-of-
the-server]__01r.h3d._.js:
3:306744)
    at ad.initialize (C:\U
sers\Asus\Desktop\game pro
ject\gamepool\.next\server
\chunks\ssr\[root-of-the-s
erver]__01r.h3d._.js:3:306
152)
    at cC (C:\Users\Asus\D
esktop\game project\gamepo
ol\.next\server\chunks\ssr
\[root-of-the-server]__01r
.h3d._.js:3:359956)
    at dp (C:\Users\Asus\D
esktop\game project\gamepo
ol\.next\server\chunks\ssr
\[root-of-the-server]__01r
.h3d._.js:3:374274)
    at module evaluation (
C:\Users\Asus\Desktop\game
 project\gamepool\.next\se
rver\chunks\ssr\[root-of-t
he-server]__01r.h3d._.js:1
2:71653)
    at instantiateModule (
C:\Users\Asus\Desktop\game
 project\gamepool\.next\se
rver\chunks\ssr\[turbopack
]_runtime.js:853:9)
    at getOrInstantiateMod
uleFromParent (C:\Users\As
us\Desktop\game project\ga
mepool\.next\server\chunks
\ssr\[turbopack]_runtime.j
s:877:12) {
  code: 
'auth/invalid-api-key',
  customData: { appName: 
'[DEFAULT]' },
  digest: '2132878755'
}
Export encountered an 
error on 
/_not-found/page: 
/_not-found, exiting the 
build.
Γ¿» Next.js build worker 
exited with code: 1 and 
signal: null
